Archive member included to satisfy reference by file (symbol)

/home/cpage/esp/adalight/build/cxx/libcxx.a(cxx_guards.o)
                              (__cxa_guard_dummy)
/home/cpage/esp/adalight/build/cxx/libcxx.a(cxx_exception_stubs.o)
                              (__cxx_fatal_exception)
/home/cpage/esp/adalight/build/esp32/libesp32.a(panic.o)
                              /home/cpage/esp/adalight/build/cxx/libcxx.a(cxx_guards.o) (abort)
/home/cpage/esp/adalight/build/esp32/libesp32.a(cache_err_int.o)
                              /home/cpage/esp/adalight/build/esp32/libesp32.a(panic.o) (esp_cache_err_get_cpuid)
/home/cpage/esp/adalight/build/esp32/libesp32.a(esp_err_to_name.o)
                              /home/cpage/esp/adalight/build/esp32/libesp32.a(panic.o) (esp_err_to_name)
/home/cpage/esp/adalight/build/esp32/libesp32.a(cpu_start.o)
                              (call_start_cpu0)
/home/cpage/esp/adalight/build/esp32/libesp32.a(ipc.o)
                              /home/cpage/esp/adalight/build/esp32/libesp32.a(cpu_start.o) (esp_ipc_init)
/home/cpage/esp/adalight/build/esp32/libesp32.a(int_wdt.o)
                              /home/cpage/esp/adalight/build/esp32/libesp32.a(cpu_start.o) (esp_int_wdt_init)
/home/cpage/esp/adalight/build/esp32/libesp32.a(esp_timer.o)
                              /home/cpage/esp/adalight/build/esp32/libesp32.a(cpu_start.o) (esp_timer_init)
/home/cpage/esp/adalight/build/esp32/libesp32.a(dport_access.o)
                              /home/cpage/esp/adalight/build/esp32/libesp32.a(cpu_start.o) (esp_dport_access_stall_other_cpu_start)
/home/cpage/esp/adalight/build/esp32/libesp32.a(system_api.o)
                              /home/cpage/esp/adalight/build/esp32/libesp32.a(panic.o) (esp_restart_noos)
/home/cpage/esp/adalight/build/esp32/libesp32.a(brownout.o)
                              /home/cpage/esp/adalight/build/esp32/libesp32.a(cpu_start.o) (esp_brownout_init)
/home/cpage/esp/adalight/build/esp32/libesp32.a(dport_panic_highint_hdl.o)
                              (ld_include_panic_highint_hdl)
/home/cpage/esp/adalight/build/esp32/libesp32.a(task_wdt.o)
                              /home/cpage/esp/adalight/build/esp32/libesp32.a(cpu_start.o) (esp_task_wdt_init)
/home/cpage/esp/adalight/build/esp32/libesp32.a(dbg_stubs.o)
                              /home/cpage/esp/adalight/build/esp32/libesp32.a(cpu_start.o) (esp_dbg_stubs_init)
/home/cpage/esp/adalight/build/esp32/libesp32.a(crosscore_int.o)
                              /home/cpage/esp/adalight/build/esp32/libesp32.a(cpu_start.o) (esp_crosscore_int_init)
/home/cpage/esp/adalight/build/esp32/libesp32.a(esp_timer_esp32.o)
                              /home/cpage/esp/adalight/build/esp32/libesp32.a(esp_timer.o) (esp_timer_impl_get_time)
/home/cpage/esp/adalight/build/esp32/libesp32.a(clk.o)
                              /home/cpage/esp/adalight/build/esp32/libesp32.a(cpu_start.o) (esp_clk_init)
/home/cpage/esp/adalight/build/esp32/libesp32.a(freertos_hooks.o)
                              /home/cpage/esp/adalight/build/esp32/libesp32.a(task_wdt.o) (esp_register_freertos_idle_hook_for_cpu)
/home/cpage/esp/adalight/build/esp32/libesp32.a(intr_alloc.o)
                              /home/cpage/esp/adalight/build/esp32/libesp32.a(esp_timer_esp32.o) (esp_intr_enable)
/home/cpage/esp/esp-idf/components/esp32/libhal.a(int_asm--set_intclear.o)
                              /home/cpage/esp/adalight/build/esp32/libesp32.a(intr_alloc.o) (xthal_set_intclear)
/home/cpage/esp/adalight/build/freertos/libfreertos.a(xtensa_intr.o)
                              /home/cpage/esp/adalight/build/esp32/libesp32.a(intr_alloc.o) (xt_unhandled_interrupt)
/home/cpage/esp/adalight/build/freertos/libfreertos.a(queue.o)
                              /home/cpage/esp/adalight/build/esp32/libesp32.a(ipc.o) (xQueueGenericCreate)
/home/cpage/esp/adalight/build/freertos/libfreertos.a(list.o)
                              /home/cpage/esp/adalight/build/freertos/libfreertos.a(queue.o) (vListInitialise)
/home/cpage/esp/adalight/build/freertos/libfreertos.a(port.o)
                              /home/cpage/esp/adalight/build/esp32/libesp32.a(cpu_start.o) (port_xSchedulerRunning)
/home/cpage/esp/adalight/build/freertos/libfreertos.a(tasks.o)
                              /home/cpage/esp/adalight/build/esp32/libesp32.a(system_api.o) (vTaskSuspendAll)
/home/cpage/esp/adalight/build/freertos/libfreertos.a(timers.o)
                              /home/cpage/esp/adalight/build/freertos/libfreertos.a(tasks.o) (xTimerCreateTimerTask)
/home/cpage/esp/adalight/build/freertos/libfreertos.a(FreeRTOS-openocd.o)
                              (uxTopUsedPriority)
/home/cpage/esp/adalight/build/freertos/libfreertos.a(xtensa_intr_asm.o)
                              /home/cpage/esp/adalight/build/esp32/libesp32.a(intr_alloc.o) (_xt_interrupt_table)
/home/cpage/esp/adalight/build/freertos/libfreertos.a(xtensa_context.o)
[...]
Memory Configuration

Name             Origin             Length             Attributes
iram0_0_seg      0x0000000040080000 0x0000000000020000 xr
iram0_2_seg      0x00000000400d0018 0x000000000032ffe8 xr
dram0_0_seg      0x000000003ffb0000 0x000000000002c200 rw
drom0_0_seg      0x000000003f400018 0x00000000003fffe8 r
rtc_iram_seg     0x00000000400c0000 0x0000000000002000 xrw
rtc_slow_seg     0x0000000050000000 0x0000000000001000 rw
*default*        0x0000000000000000 0xffffffffffffffff

Linker script and memory map

START GROUP
LOAD /home/cpage/esp/adalight/build/app_trace/libapp_trace.a
LOAD /home/cpage/esp/adalight/build/app_update/libapp_update.a
LOAD /home/cpage/esp/adalight/build/bootloader_support/libbootloader_support.a
LOAD /home/cpage/esp/adalight/build/bt/libbt.a
LOAD /home/cpage/esp/adalight/build/coap/libcoap.a
LOAD /home/cpage/esp/adalight/build/console/libconsole.a
LOAD /home/cpage/esp/adalight/build/cxx/libcxx.a
LOAD /home/cpage/esp/adalight/build/driver/libdriver.a
LOAD /home/cpage/esp/adalight/build/esp-tls/libesp-tls.a
LOAD /home/cpage/esp/adalight/build/esp32/libesp32.a
LOAD /home/cpage/esp/esp-idf/components/esp32/libhal.a
LOAD /home/cpage/esp/esp-idf/components/esp32/lib/libcore.a
LOAD /home/cpage/esp/esp-idf/components/esp32/lib/librtc.a
LOAD /home/cpage/esp/esp-idf/components/esp32/lib/libnet80211.a
LOAD /home/cpage/esp/esp-idf/components/esp32/lib/libpp.a
LOAD /home/cpage/esp/esp-idf/components/esp32/lib/libwpa.a
LOAD /home/cpage/esp/esp-idf/components/esp32/lib/libsmartconfig.a
LOAD /home/cpage/esp/esp-idf/components/esp32/lib/libcoexist.a
LOAD /home/cpage/esp/esp-idf/components/esp32/lib/libwps.a
LOAD /home/cpage/esp/esp-idf/components/esp32/lib/libwpa2.a
LOAD /home/cpage/esp/esp-idf/components/esp32/lib/libespnow.a
LOAD /home/cpage/esp/esp-idf/components/esp32/lib/libphy.a
LOAD /home/cpage/esp/esp-idf/components/esp32/lib/libmesh.a
LOAD /home/cpage/esp/adalight/build/esp_adc_cal/libesp_adc_cal.a
LOAD /home/cpage/esp/adalight/build/esp_http_client/libesp_http_client.a
LOAD /home/cpage/esp/adalight/build/esp_https_ota/libesp_https_ota.a
LOAD /home/cpage/esp/adalight/build/ethernet/libethernet.a
LOAD /home/cpage/esp/adalight/build/expat/libexpat.a
LOAD /home/cpage/esp/adalight/build/fatfs/libfatfs.a
LOAD /home/cpage/esp/adalight/build/freertos/libfreertos.a
LOAD /home/cpage/esp/adalight/build/heap/libheap.a
LOAD /home/cpage/esp/adalight/build/idf_test/libidf_test.a
LOAD /home/cpage/esp/adalight/build/jsmn/libjsmn.a
LOAD /home/cpage/esp/adalight/build/json/libjson.a
LOAD /home/cpage/esp/adalight/build/libsodium/liblibsodium.a
LOAD /home/cpage/esp/adalight/build/log/liblog.a
LOAD /home/cpage/esp/adalight/build/lwip/liblwip.a
LOAD /home/cpage/esp/adalight/build/main/libmain.a
LOAD /home/cpage/esp/adalight/build/mbedtls/libmbedtls.a
LOAD /home/cpage/esp/adalight/build/mdns/libmdns.a
LOAD /home/cpage/esp/adalight/build/micro-ecc/libmicro-ecc.a
LOAD /home/cpage/esp/esp-idf/components/newlib/lib/libc.a
LOAD /home/cpage/esp/esp-idf/components/newlib/lib/libm.a
LOAD /home/cpage/esp/adalight/build/newlib/libnewlib.a
LOAD /home/cpage/esp/adalight/build/nghttp/libnghttp.a
LOAD /home/cpage/esp/adalight/build/nvs_flash/libnvs_flash.a
LOAD /home/cpage/esp/adalight/build/openssl/libopenssl.a
LOAD /home/cpage/esp/adalight/build/pthread/libpthread.a
LOAD /home/cpage/esp/adalight/build/sdmmc/libsdmmc.a
LOAD /home/cpage/esp/adalight/build/smartconfig_ack/libsmartconfig_ack.a
LOAD /home/cpage/esp/adalight/build/soc/libsoc.a
LOAD /home/cpage/esp/adalight/build/spi_flash/libspi_flash.a
LOAD /home/cpage/esp/adalight/build/spiffs/libspiffs.a
LOAD /home/cpage/esp/adalight/build/tcpip_adapter/libtcpip_adapter.a
LOAD /home/cpage/esp/adalight/build/ulp/libulp.a
LOAD /home/cpage/esp/adalight/build/vfs/libvfs.a
LOAD /home/cpage/esp/adalight/build/wear_levelling/libwear_levelling.a
LOAD /home/cpage/esp/adalight/build/wpa_supplicant/libwpa_supplicant.a
LOAD /home/cpage/esp/adalight/build/ws2812b/libws2812b.a
LOAD /home/cpage/esp/adalight/build/xtensa-debug-module/libxtensa-debug-module.a
LOAD /home/cpage/esp/xtensa-esp32-elf/bin/../lib/gcc/xtensa-esp32-elf/5.2.0/libgcc.a
LOAD /home/cpage/esp/xtensa-esp32-elf/bin/../lib/gcc/xtensa-esp32-elf/5.2.0/../../../../xtensa-esp32-elf/lib/libstdc++.a
LOAD /home/cpage/esp/xtensa-esp32-elf/bin/../lib/gcc/xtensa-esp32-elf/5.2.0/libgcov.a
END GROUP
                0x0000000040000000                _heap_end = 0x40000000

.rtc.text       0x00000000400c0000        0x0
                0x00000000400c0000                . = ALIGN (0x4)
 *(.rtc.literal .rtc.text)
 *rtc_wake_stub*.*(.literal .text .literal.* .text.*)

.rtc.data       0x0000000050000000        0x0
                0x0000000050000000                _rtc_data_start = ABSOLUTE (.)
 *(.rtc.data)
 *(.rtc.rodata)
 *rtc_wake_stub*.*(.data .rodata .data.* .rodata.* .bss .bss.*)
                0x0000000050000000                _rtc_data_end = ABSOLUTE (.)

.rtc.bss        0x0000000050000000        0x0
                0x0000000050000000                _rtc_bss_start = ABSOLUTE (.)
 *rtc_wake_stub*.*(.bss .bss.*)
 *rtc_wake_stub*.*(COMMON)
                0x0000000050000000                _rtc_bss_end = ABSOLUTE (.)

.rtc_noinit     0x0000000050000000        0x0
                0x0000000050000000                . = ALIGN (0x4)
                0x0000000050000000                _rtc_noinit_start = ABSOLUTE (.)
 *(.rtc_noinit .rtc_noinit.*)
                0x0000000050000000                . = ALIGN (0x4)
                0x0000000050000000                _rtc_noinit_end = ABSOLUTE (.)

.iram0.vectors  0x0000000040080000      0x400
                0x0000000040080000                _init_start = ABSOLUTE (.)
                0x0000000000000000                . = 0x0
 *(.WindowVectors.text)
 .WindowVectors.text
                0x0000000040080000      0x16a /home/cpage/esp/adalight/build/freertos/libfreertos.a(xtensa_vectors.o)
                0x0000000040080000                _WindowOverflow4
                0x0000000040080040                _WindowUnderflow4
                0x0000000040080050                _xt_alloca_exc
                0x0000000040080080                _WindowOverflow8
                0x00000000400800c0                _WindowUnderflow8
                0x0000000040080100                _WindowOverflow12
                0x0000000040080140                _WindowUnderflow12
                0x0000000000000180                . = 0x180
 *fill*         0x000000004008016a       0x16 
 *(.Level2InterruptVector.text)
 .Level2InterruptVector.text
                0x0000000040080180        0x6 /home/cpage/esp/adalight/build/freertos/libfreertos.a(xtensa_vectors.o)
                0x0000000040080180                _Level2Vector
                0x00000000000001c0                . = 0x1c0
 *fill*         0x0000000040080186       0x3a 
 *(.Level3InterruptVector.text)
 .Level3InterruptVector.text
                0x00000000400801c0        0x6 /home/cpage/esp/adalight/build/freertos/libfreertos.a(xtensa_vectors.o)
                0x00000000400801c0                _Level3Vector
                0x0000000000000200                . = 0x200
 *fill*         0x00000000400801c6       0x3a 
 *(.Level4InterruptVector.text)
 .Level4InterruptVector.text
                0x0000000040080200        0x6 /home/cpage/esp/adalight/build/freertos/libfreertos.a(xtensa_vectors.o)
                0x0000000040080200                _Level4Vector
                0x0000000000000240                . = 0x240
 *fill*         0x0000000040080206       0x3a 
 *(.Level5InterruptVector.text)
 .Level5InterruptVector.text
                0x0000000040080240        0x6 /home/cpage/esp/adalight/build/freertos/libfreertos.a(xtensa_vectors.o)
                0x0000000040080240                _Level5Vector
                0x0000000000000280                . = 0x280
 *fill*         0x0000000040080246       0x3a 
 *(.DebugExceptionVector.text)
 .DebugExceptionVector.text
                0x0000000040080280        0x6 /home/cpage/esp/adalight/build/freertos/libfreertos.a(xtensa_vectors.o)
                0x0000000040080280                _DebugExceptionVector
                0x00000000000002c0                . = 0x2c0
 *fill*         0x0000000040080286       0x3a 
 *(.NMIExceptionVector.text)
 .NMIExceptionVector.text
                0x00000000400802c0        0x6 /home/cpage/esp/adalight/build/freertos/libfreertos.a(xtensa_vectors.o)
                0x00000000400802c0                _NMIExceptionVector
                0x0000000000000300                . = 0x300
 *fill*         0x00000000400802c6       0x3a 
 *(.KernelExceptionVector.text)
 .KernelExceptionVector.text
                0x0000000040080300        0x6 /home/cpage/esp/adalight/build/freertos/libfreertos.a(xtensa_vectors.o)
                0x0000000040080300                _KernelExceptionVector
                0x0000000000000340                . = 0x340
 *fill*         0x0000000040080306       0x3a 
 *(.UserExceptionVector.text)
 .UserExceptionVector.text
                0x0000000040080340        0x6 /home/cpage/esp/adalight/build/freertos/libfreertos.a(xtensa_vectors.o)
                0x0000000040080340                _UserExceptionVector
                0x00000000000003c0                . = 0x3c0
 *fill*         0x0000000040080346       0x7a 
 *(.DoubleExceptionVector.text)
 .DoubleExceptionVector.text
                0x00000000400803c0        0xf /home/cpage/esp/adalight/build/freertos/libfreertos.a(xtensa_vectors.o)
                0x00000000400803c0                _DoubleExceptionVector
                0x0000000000000400                . = 0x400
 *fill*         0x00000000400803cf       0x31 
 *(.*Vector.literal)
 *(.UserEnter.literal)
 *(.UserEnter.text)
                0x0000000040080400                . = ALIGN (0x10)
 *(.entry.text)
 *(.init.literal)
 *(.init)
                0x0000000040080400                _init_end = ABSOLUTE (.)
                0x0000000000000000                _iram_start = 0x0

.iram0.text     0x0000000040080400     0x7ff8
                0x0000000040080400                _iram_text_start = ABSOLUTE (.)
 *(.iram1 .iram1.*)
 .iram1.literal
                0x0000000040080400        0xc /home/cpage/esp/adalight/build/esp32/libesp32.a(cache_err_int.o)
                                         0x18 (size before relaxing)
 .iram1.literal
                0x000000004008040c       0x9c /home/cpage/esp/adalight/build/esp32/libesp32.a(cpu_start.o)
                                        0x1a4 (size before relaxing)
 .iram1.literal
                0x00000000400804a8       0x14 /home/cpage/esp/adalight/build/esp32/libesp32.a(ipc.o)
                                         0x24 (size before relaxing)
 .iram1.literal
                0x00000000400804bc        0xc /home/cpage/esp/adalight/build/esp32/libesp32.a(int_wdt.o)
 .iram1.literal
                0x00000000400804c8       0x1c /home/cpage/esp/adalight/build/esp32/libesp32.a(esp_timer.o)
                                         0x60 (size before relaxing)
 .iram1.literal
                0x00000000400804e4       0x2c /home/cpage/esp/adalight/build/esp32/libesp32.a(dport_access.o)
                                         0x78 (size before relaxing)
 .iram1.literal
                0x0000000040080510       0x4c /home/cpage/esp/adalight/build/esp32/libesp32.a(system_api.o)
                                         0xa4 (size before relaxing)
 .iram1.literal
                0x000000004008055c       0x10 /home/cpage/esp/adalight/build/esp32/libesp32.a(dport_panic_highint_hdl.o)
                                         0x28 (size before relaxing)
 .iram1.literal
                0x000000004008056c       0x10 /home/cpage/esp/adalight/build/esp32/libesp32.a(crosscore_int.o)
                                         0x30 (size before relaxing)
 .iram1.literal
                0x000000004008057c       0x4c /home/cpage/esp/adalight/build/esp32/libesp32.a(esp_timer_esp32.o)
                                         0xcc (size before relaxing)
 .iram1.literal
                0x00000000400805c8        0xc /home/cpage/esp/adalight/build/esp32/libesp32.a(clk.o)
                                         0x18 (size before relaxing)
 .iram1.literal
                0x00000000400805d4        0x4 /home/cpage/esp/adalight/build/esp32/libesp32.a(freertos_hooks.o)
 .iram1.literal
                0x00000000400805d8       0x10 /home/cpage/esp/adalight/build/esp32/libesp32.a(intr_alloc.o)
                                         0x6c (size before relaxing)
 .iram1.literal
                0x00000000400805e8        0x4 /home/cpage/esp/adalight/build/freertos/libfreertos.a(port.o)
 .iram1.literal
                0x00000000400805ec       0x44 /home/cpage/esp/adalight/build/freertos/libfreertos.a(xtensa_vectors.o)
                                         0x68 (size before relaxing)
 .iram1.literal
                0x0000000040080630       0x28 /home/cpage/esp/adalight/build/heap/libheap.a(heap_caps.o)
                                         0x58 (size before relaxing)
 .iram1.literal
                0x0000000040080658       0x24 /home/cpage/esp/adalight/build/log/liblog.a(log.o)
                                         0x48 (size before relaxing)
 .iram1.literal
                0x000000004008067c        0x8 /home/cpage/esp/adalight/build/newlib/libnewlib.a(time.o)
                                         0x28 (size before relaxing)
 .iram1.literal
                0x0000000040080684        0x8 /home/cpage/esp/adalight/build/newlib/libnewlib.a(reent_init.o)
                                         0x10 (size before relaxing)
 .iram1.literal
                0x000000004008068c        0x0 /home/cpage/esp/adalight/build/newlib/libnewlib.a(syscalls.o)
                                         0x14 (size before relaxing)
 .iram1.literal
                0x000000004008068c       0x14 /home/cpage/esp/adalight/build/newlib/libnewlib.a(locks.o)
                                         0x84 (size before relaxing)
 .iram1.literal
                0x00000000400806a0       0x1c /home/cpage/esp/adalight/build/soc/libsoc.a(cpu_util.o)
                                         0x30 (size before relaxing)
 .iram1.literal
                0x00000000400806bc       0x28 /home/cpage/esp/adalight/build/spi_flash/libspi_flash.a(cache_utils.o)
                                         0xc0 (size before relaxing)
 .iram1.literal
                0x00000000400806e4       0x3c /home/cpage/esp/adalight/build/spi_flash/libspi_flash.a(flash_ops.o)
                                         0xf4 (size before relaxing)
 .iram1.literal
                0x0000000040080720       0x30 /home/cpage/esp/adalight/build/spi_flash/libspi_flash.a(flash_mmap.o)
                                         0xb8 (size before relaxing)
 .iram1.literal
                0x0000000040080750       0x2c /home/cpage/esp/adalight/build/driver/libdriver.a(rmt.o)
                                         0x64 (size before relaxing)
 .literal.xt_unhandled_interrupt
                0x000000004008077c        0x4 /home/cpage/esp/adalight/build/freertos/libfreertos.a(xtensa_intr.o)
                                          0x8 (size before relaxing)
 .literal.xt_set_interrupt_handler
                0x0000000040080780        0x8 /home/cpage/esp/adalight/build/freertos/libfreertos.a(xtensa_intr.o)
                                          0xc (size before relaxing)
 .literal.prvCopyDataToQueue
                0x0000000040080788        0x0 /home/cpage/esp/adalight/build/freertos/libfreertos.a(queue.o)
                                          0xc (size before relaxing)
 .literal.prvCopyDataFromQueue
                0x0000000040080788        0x0 /home/cpage/esp/adalight/build/freertos/libfreertos.a(queue.o)
                                          0x4 (size before relaxing)
 .literal.prvNotifyQueueSetContainer
                0x0000000040080788       0x14 /home/cpage/esp/adalight/build/freertos/libfreertos.a(queue.o)
                                         0x2c (size before relaxing)
 .literal.xQueueGenericReset
                0x000000004008079c        0x4 /home/cpage/esp/adalight/build/freertos/libfreertos.a(queue.o)
                                         0x30 (size before relaxing)
 .literal.xQueueGenericCreate
                0x00000000400807a0        0x8 /home/cpage/esp/adalight/build/freertos/libfreertos.a(queue.o)
                                         0x1c (size before relaxing)
 .literal.xQueueGetMutexHolder
                0x00000000400807a8        0x0 /home/cpage/esp/adalight/build/freertos/libfreertos.a(queue.o)
                                          0x8 (size before relaxing)
 .literal.xQueueCreateCountingSemaphore
                0x00000000400807a8        0x4 /home/cpage/esp/adalight/build/freertos/libfreertos.a(queue.o)
                                         0x18 (size before relaxing)
 .literal.xQueueGenericSend
                0x00000000400807ac        0x4 /home/cpage/esp/adalight/build/freertos/libfreertos.a(queue.o)
                                         0x60 (size before relaxing)
 .literal.prvInitialiseMutex
                0x00000000400807b0        0x0 /home/cpage/esp/adalight/build/freertos/libfreertos.a(queue.o)
                                          0x8 (size before relaxing)
 .literal.xQueueCreateMutex
                0x00000000400807b0        0x0 /home/cpage/esp/adalight/build/freertos/libfreertos.a(queue.o)
                                          0x8 (size before relaxing)
 .literal.xQueueGiveMutexRecursive
                0x00000000400807b0        0x4 /home/cpage/esp/adalight/build/freertos/libfreertos.a(queue.o)
                                         0x1c (size before relaxing)
 .literal.xQueueGenericSendFromISR
                0x00000000400807b4        0x4 /home/cpage/esp/adalight/build/freertos/libfreertos.a(queue.o)
                                         0x2c (size before relaxing)
 .literal.xQueueGiveFromISR
                0x00000000400807b8        0x4 /home/cpage/esp/adalight/build/freertos/libfreertos.a(queue.o)
                                         0x28 (size before relaxing)
 .literal.xQueueGenericReceive
                0x00000000400807bc        0x4 /home/cpage/esp/adalight/build/freertos/libfreertos.a(queue.o)
                                         0x60 (size before relaxing)
 .literal.xQueueTakeMutexRecursive
                0x00000000400807c0        0x4 /home/cpage/esp/adalight/build/freertos/libfreertos.a(queue.o)
                                         0x1c (size before relaxing)
 .literal.xQueueReceiveFromISR
                0x00000000400807c4        0x4 /home/cpage/esp/adalight/build/freertos/libfreertos.a(queue.o)
                                         0x28 (size before relaxing)
 .literal.uxQueueSpacesAvailable
                0x00000000400807c8        0x4 /home/cpage/esp/adalight/build/freertos/libfreertos.a(queue.o)
                                         0x1c (size before relaxing)
 .literal.vQueueDelete
                0x00000000400807cc        0x4 /home/cpage/esp/adalight/build/freertos/libfreertos.a(queue.o)
                                         0x18 (size before relaxing)
 .literal.vQueueWaitForMessageRestricted
                0x00000000400807d0        0x0 /home/cpage/esp/adalight/build/freertos/libfreertos.a(queue.o)
                                          0xc (size before relaxing)
 .literal.pxPortInitialiseStack
                0x00000000400807d0       0x10 /home/cpage/esp/adalight/build/freertos/libfreertos.a(port.o)
                                         0x18 (size before relaxing)
 .literal.xPortStartScheduler
                0x00000000400807e0        0x0 /home/cpage/esp/adalight/build/freertos/libfreertos.a(port.o)
                                         0x14 (size before relaxing)
 .literal.xPortSysTickHandler
                0x00000000400807e0        0x0 /home/cpage/esp/adalight/build/freertos/libfreertos.a(port.o)
                                          0x8 (size before relaxing)
 .literal.vPortYieldOtherCore
                0x00000000400807e0        0x0 /home/cpage/esp/adalight/build/freertos/libfreertos.a(port.o)
                                          0x4 (size before relaxing)
 .literal.vPortReleaseTaskMPUSettings
                0x00000000400807e0        0x0 /home/cpage/esp/adalight/build/freertos/libfreertos.a(port.o)
                                          0x4 (size before relaxing)
 .literal.xPortInIsrContext
                0x00000000400807e0        0x0 /home/cpage/esp/adalight/build/freertos/libfreertos.a(port.o)
                                          0x8 (size before relaxing)
 .literal.vPortCPUInitializeMutex
                0x00000000400807e0        0x4 /home/cpage/esp/adalight/build/freertos/libfreertos.a(port.o)
 .literal.vPortCPUAcquireMutex
                0x00000000400807e4        0x4 /home/cpage/esp/adalight/build/freertos/libfreertos.a(port.o)
                                          0xc (size before relaxing)
 .literal.vPortCPUReleaseMutex
                0x00000000400807e8        0x0 /home/cpage/esp/adalight/build/freertos/libfreertos.a(port.o)
                                          0x8 (size before relaxing)
 .literal.prvInitialiseNewTask
                0x00000000400807e8        0x0 /home/cpage/esp/adalight/build/freertos/libfreertos.a(tasks.o)
                                         0x18 (size before relaxing)
 .literal.prvResetNextTaskUnblockTime
                0x00000000400807e8        0x8 /home/cpage/esp/adalight/build/freertos/libfreertos.a(tasks.o)
 .literal.prvDeleteTLS
                0x00000000400807f0       0x10 /home/cpage/esp/adalight/build/freertos/libfreertos.a(tasks.o)
                                         0x18 (size before relaxing)
 .literal.prvDeleteTCB
                0x0000000040080800        0x8 /home/cpage/esp/adalight/build/freertos/libfreertos.a(tasks.o)
                                         0x28 (size before relaxing)
 .literal.prvAddCurrentTaskToDelayedList
                0x0000000040080808        0x8 /home/cpage/esp/adalight/build/freertos/libfreertos.a(tasks.o)
                                         0x1c (size before relaxing)
 .literal.taskYIELD_OTHER_CORE
                0x0000000040080810        0x0 /home/cpage/esp/adalight/build/freertos/libfreertos.a(tasks.o)
                                          0xc (size before relaxing)
 .literal.vTaskSuspendAll
                0x0000000040080810        0x4 /home/cpage/esp/adalight/build/freertos/libfreertos.a(tasks.o)
                                          0x8 (size before relaxing)
 .literal.xTaskGetIdleTaskHandleForCPU
                0x0000000040080814        0xc /home/cpage/esp/adalight/build/freertos/libfreertos.a(tasks.o)
                                         0x1c (size before relaxing)
 .literal.vTaskSwitchContext
                0x0000000040080820       0x1c /home/cpage/esp/adalight/build/freertos/libfreertos.a(tasks.o)
                                         0x3c (size before relaxing)
 .literal.vTaskSetTimeOutState
                0x000000004008083c        0xc /home/cpage/esp/adalight/build/freertos/libfreertos.a(tasks.o)
                                         0x20 (size before relaxing)
 .literal.xTaskGetCurrentTaskHandle
                0x0000000040080848        0x0 /home/cpage/esp/adalight/build/freertos/libfreertos.a(tasks.o)
                                          0x8 (size before relaxing)
 .literal.__getreent
                0x0000000040080848        0x0 /home/cpage/esp/adalight/build/freertos/libfreertos.a(tasks.o)
                                          0x8 (size before relaxing)
 .literal.pcTaskGetTaskName
                0x0000000040080848        0x8 /home/cpage/esp/adalight/build/freertos/libfreertos.a(tasks.o)
                                         0x1c (size before relaxing)
 .literal.xTaskGetAffinity
                0x0000000040080850        0x0 /home/cpage/esp/adalight/build/freertos/libfreertos.a(tasks.o)
                                          0x4 (size before relaxing)
 .literal.xTaskGetCurrentTaskHandleForCPU
                0x0000000040080850        0x0 /home/cpage/esp/adalight/build/freertos/libfreertos.a(tasks.o)
                                          0x4 (size before relaxing)
 .literal.xTaskGetSchedulerState
                0x0000000040080850        0x4 /home/cpage/esp/adalight/build/freertos/libfreertos.a(tasks.o)
                                          0xc (size before relaxing)
 .literal.vTaskEnterCritical
                0x0000000040080854        0x0 /home/cpage/esp/adalight/build/freertos/libfreertos.a(tasks.o)
                                         0x10 (size before relaxing)
 .literal.vTaskExitCritical
                0x0000000040080854        0x0 /home/cpage/esp/adalight/build/freertos/libfreertos.a(tasks.o)
                                         0x10 (size before relaxing)
 .literal.prvAddNewTaskToReadyList$isra$9
                0x0000000040080854       0x28 /home/cpage/esp/adalight/build/freertos/libfreertos.a(tasks.o)
                                         0x90 (size before relaxing)
 .literal.xTaskCreatePinnedToCore
                0x000000004008087c        0x0 /home/cpage/esp/adalight/build/freertos/libfreertos.a(tasks.o)
                                         0x18 (size before relaxing)
 .literal.vTaskStartScheduler
                0x000000004008087c       0x14 /home/cpage/esp/adalight/build/freertos/libfreertos.a(tasks.o)
                                         0x40 (size before relaxing)
 .literal.vTaskDelete
                0x0000000040080890        0x8 /home/cpage/esp/adalight/build/freertos/libfreertos.a(tasks.o)
                                         0x60 (size before relaxing)
 .literal.prvIdleTask
                0x0000000040080898        0x8 /home/cpage/esp/adalight/build/freertos/libfreertos.a(tasks.o)
                                         0x38 (size before relaxing)
 .literal.xTaskGetTickCountFromISR
                0x00000000400808a0        0x4 /home/cpage/esp/adalight/build/freertos/libfreertos.a(tasks.o)
                                         0x10 (size before relaxing)
 .literal.xTaskGetTickCount
                0x00000000400808a4        0x0 /home/cpage/esp/adalight/build/freertos/libfreertos.a(tasks.o)
                                          0x4 (size before relaxing)
 .literal.xTaskIncrementTick
                0x00000000400808a4        0xc /home/cpage/esp/adalight/build/freertos/libfreertos.a(tasks.o)
                                         0x78 (size before relaxing)
 .literal.xTaskResumeAll
                0x00000000400808b0        0x8 /home/cpage/esp/adalight/build/freertos/libfreertos.a(tasks.o)
                                         0x5c (size before relaxing)
 .literal.vTaskPlaceOnEventList
                0x00000000400808b8        0x8 /home/cpage/esp/adalight/build/freertos/libfreertos.a(tasks.o)
                                         0x40 (size before relaxing)
 .literal.vTaskPlaceOnEventListRestricted
                0x00000000400808c0        0x8 /home/cpage/esp/adalight/build/freertos/libfreertos.a(tasks.o)
                                         0x38 (size before relaxing)
 .literal.xTaskRemoveFromEventList
                0x00000000400808c8        0x8 /home/cpage/esp/adalight/build/freertos/libfreertos.a(tasks.o)
                                         0x58 (size before relaxing)
 .literal.xTaskCheckForTimeOut
                0x00000000400808d0        0xc /home/cpage/esp/adalight/build/freertos/libfreertos.a(tasks.o)
                                         0x34 (size before relaxing)
 .literal.vTaskPriorityInherit
                0x00000000400808dc        0x0 /home/cpage/esp/adalight/build/freertos/libfreertos.a(tasks.o)
                                         0x2c (size before relaxing)
 .literal.xTaskPriorityDisinherit
                0x00000000400808dc        0x8 /home/cpage/esp/adalight/build/freertos/libfreertos.a(tasks.o)
                                         0x40 (size before relaxing)
 .literal.pvTaskIncrementMutexHeldCount
                0x00000000400808e4        0x0 /home/cpage/esp/adalight/build/freertos/libfreertos.a(tasks.o)
                                         0x10 (size before relaxing)
 .literal.prvInsertTimerInActiveList
                0x00000000400808e4        0x8 /home/cpage/esp/adalight/build/freertos/libfreertos.a(timers.o)
                                          0xc (size before relaxing)
 .literal.prvCheckForValidListAndQueue
                0x00000000400808ec       0x1c /home/cpage/esp/adalight/build/freertos/libfreertos.a(timers.o)
                                         0x44 (size before relaxing)
 .literal.xTimerCreateTimerTask
                0x0000000040080908        0xc /home/cpage/esp/adalight/build/freertos/libfreertos.a(timers.o)
                                         0x2c (size before relaxing)
 .literal.xTimerGenericCommand
                0x0000000040080914        0x0 /home/cpage/esp/adalight/build/freertos/libfreertos.a(timers.o)
                                         0x10 (size before relaxing)
 .literal.prvSwitchTimerLists
                0x0000000040080914        0x4 /home/cpage/esp/adalight/build/freertos/libfreertos.a(timers.o)
                                         0x28 (size before relaxing)
 .literal.prvTimerTask
                0x0000000040080918        0xc /home/cpage/esp/adalight/build/freertos/libfreertos.a(timers.o)
                                         0x70 (size before relaxing)
 .literal       0x0000000040080924        0x0 /home/cpage/esp/adalight/build/freertos/libfreertos.a(xtensa_context.o)
                                         0x10 (size before relaxing)
 .literal       0x0000000040080924       0x10 /home/cpage/esp/adalight/build/freertos/libfreertos.a(portasm.o)
                                         0x54 (size before relaxing)
 .literal._xt_tick_divisor_init
                0x0000000040080934        0x4 /home/cpage/esp/adalight/build/freertos/libfreertos.a(xtensa_init.o)
                                          0xc (size before relaxing)
 .literal.prvGetItemByteBuf
                0x0000000040080938        0xc /home/cpage/esp/adalight/build/freertos/libfreertos.a(ringbuf.o)
                                         0x14 (size before relaxing)
 .literal.prvReturnItemDefault
                0x0000000040080944        0x4 /home/cpage/esp/adalight/build/freertos/libfreertos.a(ringbuf.o)
                                         0x14 (size before relaxing)
 .literal.prvGetItemDefault
                0x0000000040080948        0x4 /home/cpage/esp/adalight/build/freertos/libfreertos.a(ringbuf.o)
                                         0x14 (size before relaxing)
 .literal.prvCheckItemFitsDefault
                0x000000004008094c        0x4 /home/cpage/esp/adalight/build/freertos/libfreertos.a(ringbuf.o)
                                         0x14 (size before relaxing)
 .literal.prvCopyItemByteBuf
                0x0000000040080950        0x4 /home/cpage/esp/adalight/build/freertos/libfreertos.a(ringbuf.o)
                                         0x1c (size before relaxing)
 .literal.prvCopyItemAllowSplit
                0x0000000040080954        0x4 /home/cpage/esp/adalight/build/freertos/libfreertos.a(ringbuf.o)
                                         0x1c (size before relaxing)
 .literal.prvCopyItemNoSplit
                0x0000000040080958        0x4 /home/cpage/esp/adalight/build/freertos/libfreertos.a(ringbuf.o)
                                         0x18 (size before relaxing)
 .literal.prvReceiveGeneric
                0x000000004008095c        0x4 /home/cpage/esp/adalight/build/freertos/libfreertos.a(ringbuf.o)
                                         0x34 (size before relaxing)
 .literal.prvReceiveGenericFromISR
                0x0000000040080960        0x4 /home/cpage/esp/adalight/build/freertos/libfreertos.a(ringbuf.o)
                                         0x24 (size before relaxing)
 .literal.prvReturnItemByteBuf
                0x0000000040080964        0x4 /home/cpage/esp/adalight/build/freertos/libfreertos.a(ringbuf.o)
                                         0x14 (size before relaxing)
 .literal.prvCheckItemFitsByteBuffer
                0x0000000040080968        0x4 /home/cpage/esp/adalight/build/freertos/libfreertos.a(ringbuf.o)
                                         0x14 (size before relaxing)
 .literal.prvGetFreeSize
                0x000000004008096c        0x4 /home/cpage/esp/adalight/build/freertos/libfreertos.a(ringbuf.o)
                                         0x14 (size before relaxing)
 .literal.xRingbufferCreate
                0x0000000040080970       0x38 /home/cpage/esp/adalight/build/freertos/libfreertos.a(ringbuf.o)
                                         0x6c (size before relaxing)
 .literal.xRingbufferSend
                0x00000000400809a8        0x4 /home/cpage/esp/adalight/build/freertos/libfreertos.a(ringbuf.o)
                                         0x38 (size before relaxing)
 .literal.xRingbufferSendFromISR
                0x00000000400809ac        0x4 /home/cpage/esp/adalight/build/freertos/libfreertos.a(ringbuf.o)
                                         0x28 (size before relaxing)
 .literal.xRingbufferReceive
                0x00000000400809b0        0x4 /home/cpage/esp/adalight/build/freertos/libfreertos.a(ringbuf.o)
                                         0x18 (size before relaxing)
 .literal.xRingbufferReceiveFromISR
                0x00000000400809b4        0x4 /home/cpage/esp/adalight/build/freertos/libfreertos.a(ringbuf.o)
                                         0x18 (size before relaxing)
 .literal.vRingbufferReturnItem
                0x00000000400809b8        0x4 /home/cpage/esp/adalight/build/freertos/libfreertos.a(ringbuf.o)
                                         0x20 (size before relaxing)
 .literal.vRingbufferReturnItemFromISR
                0x00000000400809bc        0x4 /home/cpage/esp/adalight/build/freertos/libfreertos.a(ringbuf.o)
                                         0x20 (size before relaxing)
 .literal.vRingbufferDelete
                0x00000000400809c0        0x4 /home/cpage/esp/adalight/build/freertos/libfreertos.a(ringbuf.o)
                                         0x24 (size before relaxing)
 .literal.get_prev_free_block
                0x00000000400809c4        0x0 /home/cpage/esp/adalight/build/heap/libheap.a(multi_heap.o)
                                          0x4 (size before relaxing)
 .literal.split_if_necessary
                0x00000000400809c4        0x0 /home/cpage/esp/adalight/build/heap/libheap.a(multi_heap.o)
                                         0x10 (size before relaxing)
 .literal.merge_adjacent
                0x00000000400809c4        0x0 /home/cpage/esp/adalight/build/heap/libheap.a(multi_heap.o)
                                          0x8 (size before relaxing)
 .literal.multi_heap_get_allocated_size_impl
                0x00000000400809c4        0x0 /home/cpage/esp/adalight/build/heap/libheap.a(multi_heap.o)
                                          0x4 (size before relaxing)
 .literal.multi_heap_internal_lock
                0x00000000400809c4        0x0 /home/cpage/esp/adalight/build/heap/libheap.a(multi_heap.o)
                                          0x4 (size before relaxing)
 .literal.multi_heap_internal_unlock
                0x00000000400809c4        0x0 /home/cpage/esp/adalight/build/heap/libheap.a(multi_heap.o)
                                          0x4 (size before relaxing)
 .literal.multi_heap_malloc_impl
                0x00000000400809c4        0x0 /home/cpage/esp/adalight/build/heap/libheap.a(multi_heap.o)
                                         0x1c (size before relaxing)
 .literal.multi_heap_free_impl
                0x00000000400809c4        0x0 /home/cpage/esp/adalight/build/heap/libheap.a(multi_heap.o)
                                         0x18 (size before relaxing)
 .literal.multi_heap_realloc_impl
                0x00000000400809c4        0x0 /home/cpage/esp/adalight/build/heap/libheap.a(multi_heap.o)
                                         0x50 (size before relaxing)
 .literal.panicPutChar
                0x00000000400809c4        0x4 /home/cpage/esp/adalight/build/esp32/libesp32.a(panic.o)
                                          0x8 (size before relaxing)
 .literal.panicPutStr
                0x00000000400809c8        0x0 /home/cpage/esp/adalight/build/esp32/libesp32.a(panic.o)
                                          0x4 (size before relaxing)
 .literal.panicPutHex
                0x00000000400809c8        0x0 /home/cpage/esp/adalight/build/esp32/libesp32.a(panic.o)
                                          0x4 (size before relaxing)
 .literal.panicPutDec
                0x00000000400809c8        0x4 /home/cpage/esp/adalight/build/esp32/libesp32.a(panic.o)
                                          0xc (size before relaxing)
 .literal.unlikely.putEntry
                0x00000000400809cc       0x10 /home/cpage/esp/adalight/build/esp32/libesp32.a(panic.o)
                                         0x20 (size before relaxing)
 .literal.invoke_abort
                0x00000000400809dc        0x4 /home/cpage/esp/adalight/build/esp32/libesp32.a(panic.o)
                                          0x8 (size before relaxing)
 .literal.unlikely.commonErrorHandler_dump
                0x00000000400809e0       0x40 /home/cpage/esp/adalight/build/esp32/libesp32.a(panic.o)
                                         0xb0 (size before relaxing)
 .literal.abort
                0x0000000040080a20        0x8 /home/cpage/esp/adalight/build/esp32/libesp32.a(panic.o)
                                         0x10 (size before relaxing)
 .literal.vApplicationStackOverflowHook
                0x0000000040080a28        0x8 /home/cpage/esp/adalight/build/esp32/libesp32.a(panic.o)
                                         0x18 (size before relaxing)
 .literal.esp_panic_wdt_stop
                0x0000000040080a30        0x8 /home/cpage/esp/adalight/build/esp32/libesp32.a(panic.o)
                                         0x18 (size before relaxing)
 .literal.commonErrorHandler
                0x0000000040080a38       0x20 /home/cpage/esp/adalight/build/esp32/libesp32.a(panic.o)
                                         0x74 (size before relaxing)
 .literal.panicHandler
                0x0000000040080a58       0x34 /home/cpage/esp/adalight/build/esp32/libesp32.a(panic.o)
                                         0xa0 (size before relaxing)
 .literal.xt_unhandled_exception
                0x0000000040080a8c       0x18 /home/cpage/esp/adalight/build/esp32/libesp32.a(panic.o)
                                         0x5c (size before relaxing)
 .literal.rtc_init
                0x0000000040080aa4       0x98 /home/cpage/esp/adalight/build/soc/libsoc.a(rtc_init.o)
                                         0xdc (size before relaxing)
 .literal.rtc_clk_cal_internal
                0x0000000040080b3c       0x1c /home/cpage/esp/adalight/build/soc/libsoc.a(rtc_time.o)
                                         0x38 (size before relaxing)
 .literal.rtc_clk_cal
                0x0000000040080b58        0x0 /home/cpage/esp/adalight/build/soc/libsoc.a(rtc_time.o)
                                          0xc (size before relaxing)
 .literal.rtc_time_get
                0x0000000040080b58       0x10 /home/cpage/esp/adalight/build/soc/libsoc.a(rtc_time.o)
                                         0x18 (size before relaxing)
 .literal.rtc_clk_wait_for_slow_cycle
                0x0000000040080b68        0x8 /home/cpage/esp/adalight/build/soc/libsoc.a(rtc_time.o)
                                         0x1c (size before relaxing)
 .literal.rtc_clk_32k_enable_internal$constprop$4
                0x0000000040080b70       0x14 /home/cpage/esp/adalight/build/soc/libsoc.a(rtc_clk.o)
 .literal.rtc_clk_32k_enable
                0x0000000040080b84        0x0 /home/cpage/esp/adalight/build/soc/libsoc.a(rtc_clk.o)
                                          0xc (size before relaxing)
 .literal.rtc_clk_32k_bootstrap
                0x0000000040080b84        0xc /home/cpage/esp/adalight/build/soc/libsoc.a(rtc_clk.o)
                                         0x34 (size before relaxing)
 .literal.rtc_clk_slow_freq_set
                0x0000000040080b90        0x0 /home/cpage/esp/adalight/build/soc/libsoc.a(rtc_clk.o)
                                          0xc (size before relaxing)
 .literal.rtc_clk_slow_freq_get_hz
                0x0000000040080b90        0x4 /home/cpage/esp/adalight/build/soc/libsoc.a(rtc_clk.o)
                                          0x8 (size before relaxing)
 .literal.rtc_clk_fast_freq_set
                0x0000000040080b94        0x0 /home/cpage/esp/adalight/build/soc/libsoc.a(rtc_clk.o)
                                          0xc (size before relaxing)
 .literal.rtc_clk_bbpll_set
                0x0000000040080b94       0x24 /home/cpage/esp/adalight/build/soc/libsoc.a(rtc_clk.o)
                                         0x64 (size before relaxing)
 .literal.rtc_clk_xtal_freq_get
                0x0000000040080bb8        0xc /home/cpage/esp/adalight/build/soc/libsoc.a(rtc_clk.o)
                                         0x18 (size before relaxing)
 .literal.rtc_clk_cpu_freq_get
                0x0000000040080bc4        0x8 /home/cpage/esp/adalight/build/soc/libsoc.a(rtc_clk.o)
                                         0x14 (size before relaxing)
 .literal.rtc_clk_cpu_freq_value
                0x0000000040080bcc       0x14 /home/cpage/esp/adalight/build/soc/libsoc.a(rtc_clk.o)
                                         0x1c (size before relaxing)
 .literal.rtc_clk_apb_freq_update
                0x0000000040080be0        0x4 /home/cpage/esp/adalight/build/soc/libsoc.a(rtc_clk.o)
 .literal.rtc_clk_cpu_freq_set
                0x0000000040080be4       0x1c /home/cpage/esp/adalight/build/soc/libsoc.a(rtc_clk.o)
                                         0x80 (size before relaxing)
 .literal.rtc_clk_apb_freq_get
                0x0000000040080c00        0x8 /home/cpage/esp/adalight/build/soc/libsoc.a(rtc_clk.o)
                                         0x10 (size before relaxing)
 .literal       0x0000000040080c08        0x0 /home/cpage/esp/esp-idf/components/esp32/libhal.a(windowspill_asm.o)
                                          0x4 (size before relaxing)
 .literal.esp_rom_spiflash_read_status
                0x0000000040080c08       0x10 /home/cpage/esp/adalight/build/spi_flash/libspi_flash.a(spi_flash_rom_patch.o)
                                         0x14 (size before relaxing)
 .literal.esp_rom_spiflash_wait_idle
                0x0000000040080c18        0x8 /home/cpage/esp/adalight/build/spi_flash/libspi_flash.a(spi_flash_rom_patch.o)
                                          0xc (size before relaxing)
 .literal.esp_rom_spiflash_enable_write$constprop$6
                0x0000000040080c20        0x4 /home/cpage/esp/adalight/build/spi_flash/libspi_flash.a(spi_flash_rom_patch.o)
                                         0x14 (size before relaxing)
 .literal.esp_rom_spiflash_program_page_internal$constprop$4
                0x0000000040080c24       0x10 /home/cpage/esp/adalight/build/spi_flash/libspi_flash.a(spi_flash_rom_patch.o)
                                         0x28 (size before relaxing)
 .literal.esp_rom_spiflash_read_statushigh
                0x0000000040080c34        0x0 /home/cpage/esp/adalight/build/spi_flash/libspi_flash.a(spi_flash_rom_patch.o)
                                          0xc (size before relaxing)
 .literal.esp_rom_spiflash_write_status
                0x0000000040080c34        0x4 /home/cpage/esp/adalight/build/spi_flash/libspi_flash.a(spi_flash_rom_patch.o)
                                         0x14 (size before relaxing)
 .literal.esp_rom_spiflash_unlock
                0x0000000040080c38        0x8 /home/cpage/esp/adalight/build/spi_flash/libspi_flash.a(spi_flash_rom_patch.o)
                                         0x28 (size before relaxing)
 .literal.esp_rom_spiflash_erase_block
                0x0000000040080c40        0xc /home/cpage/esp/adalight/build/spi_flash/libspi_flash.a(spi_flash_rom_patch.o)
                                         0x34 (size before relaxing)
 .literal.esp_rom_spiflash_erase_sector
                0x0000000040080c4c        0x0 /home/cpage/esp/adalight/build/spi_flash/libspi_flash.a(spi_flash_rom_patch.o)
                                         0x34 (size before relaxing)
 .literal.esp_rom_spiflash_write
                0x0000000040080c4c        0x0 /home/cpage/esp/adalight/build/spi_flash/libspi_flash.a(spi_flash_rom_patch.o)
                                         0x24 (size before relaxing)
 .literal.esp_rom_spiflash_write_encrypted
                0x0000000040080c4c        0xc /home/cpage/esp/adalight/build/spi_flash/libspi_flash.a(spi_flash_rom_patch.o)
                                         0x10 (size before relaxing)
 .literal.esp_rom_spiflash_read
                0x0000000040080c58       0x34 /home/cpage/esp/adalight/build/spi_flash/libspi_flash.a(spi_flash_rom_patch.o)
                                         0x70 (size before relaxing)
 .literal       0x0000000040080c8c       0x10 /home/cpage/esp/esp-idf/components/newlib/lib/libm.a(lib_a-s_fpclassify.o)
                                         0x18 (size before relaxing)
 .iram1         0x0000000040080c9c       0x27 /home/cpage/esp/adalight/build/esp32/libesp32.a(cache_err_int.o)
                                         0x2f (size before relaxing)
                0x0000000040080c9c                esp_cache_err_get_cpuid
 *fill*         0x0000000040080cc3        0x1 
 .iram1         0x0000000040080cc4      0x286 /home/cpage/esp/adalight/build/esp32/libesp32.a(cpu_start.o)
                                        0x32a (size before relaxing)
                0x0000000040080cc4                start_cpu0
                0x0000000040080cc4                start_cpu0_default
                0x0000000040080d80                start_cpu1_default
                0x0000000040080d80                start_cpu1
                0x0000000040080e18                call_start_cpu0
 *fill*         0x0000000040080f4a        0x2 
 .iram1         0x0000000040080f4c       0x67 /home/cpage/esp/adalight/build/esp32/libesp32.a(ipc.o)
                                         0x6b (size before relaxing)
 *fill*         0x0000000040080fb3        0x1 
 .iram1         0x0000000040080fb4       0x4b /home/cpage/esp/adalight/build/esp32/libesp32.a(int_wdt.o)
 *fill*         0x0000000040080fff        0x1 
 .iram1         0x0000000040081000      0x19b /home/cpage/esp/adalight/build/esp32/libesp32.a(esp_timer.o)
                                        0x1af (size before relaxing)
                0x00000000400810a0                esp_timer_start_once
                0x00000000400810e0                esp_timer_start_periodic
                0x0000000040081130                esp_timer_stop
                0x000000004008116c                esp_timer_get_next_alarm
                0x000000004008118c                esp_timer_get_time
 *fill*         0x000000004008119b        0x1 
 .iram1         0x000000004008119c      0x1ae /home/cpage/esp/adalight/build/esp32/libesp32.a(dport_access.o)
                                        0x1ba (size before relaxing)
                0x000000004008119c                esp_dport_access_stall_other_cpu_start
                0x0000000040081234                esp_dport_access_stall_other_cpu_end
                0x0000000040081294                esp_dport_access_stall_other_cpu_start_wrap
                0x000000004008129c                esp_dport_access_stall_other_cpu_end_wrap
                0x00000000400812a4                esp_dport_access_int_pause
                0x00000000400812c8                esp_dport_access_int_abort
                0x00000000400812dc                esp_dport_access_int_resume
                0x0000000040081300                esp_dport_access_reg_read
                0x0000000040081318                esp_dport_access_sequence_reg_read
                0x0000000040081324                esp_dport_access_read_buffer
 *fill*         0x000000004008134a        0x2 
 .iram1         0x000000004008134c      0x17e /home/cpage/esp/adalight/build/esp32/libesp32.a(system_api.o)
                                        0x1b5 (size before relaxing)
                0x000000004008134c                esp_restart_noos
                0x00000000400814ac                esp_restart
                0x00000000400814ac                system_restart
 *fill*         0x00000000400814ca        0x2 
 .iram1         0x00000000400814cc       0xda /home/cpage/esp/adalight/build/esp32/libesp32.a(dport_panic_highint_hdl.o)
                0x00000000400814cc                xt_highint4
                0x00000000400815a6                ld_include_panic_highint_hdl
 *fill*         0x00000000400815a6        0x2 
 .iram1         0x00000000400815a8       0x98 /home/cpage/esp/adalight/build/esp32/libesp32.a(crosscore_int.o)
                                         0xa4 (size before relaxing)
                0x0000000040081628                esp_crosscore_int_send_yield
                0x0000000040081634                esp_crosscore_int_send_freq_switch
 .iram1         0x0000000040081640      0x287 /home/cpage/esp/adalight/build/esp32/libesp32.a(esp_timer_esp32.o)
                                        0x29b (size before relaxing)
                0x0000000040081728                esp_timer_impl_get_time
                0x0000000040081774                esp_timer_impl_set_alarm
                0x0000000040081824                esp_timer_impl_update_apb_freq
                0x00000000400818bc                esp_timer_impl_get_min_period_us
 *fill*         0x00000000400818c7        0x1 
 .iram1         0x00000000400818c8       0x37 /home/cpage/esp/adalight/build/esp32/libesp32.a(clk.o)
                0x00000000400818c8                esp_clk_cpu_freq
                0x00000000400818d8                esp_clk_apb_freq
                0x00000000400818f0                ets_update_cpu_frequency
 *fill*         0x00000000400818ff        0x1 
 .iram1         0x0000000040081900       0x23 /home/cpage/esp/adalight/build/esp32/libesp32.a(freertos_hooks.o)
                0x0000000040081900                esp_vApplicationTickHook
 *fill*         0x0000000040081923        0x1 
 .iram1         0x0000000040081924      0x272 /home/cpage/esp/adalight/build/esp32/libesp32.a(intr_alloc.o)
                                        0x28e (size before relaxing)
                0x0000000040081960                esp_intr_set_in_iram
                0x00000000400819d4                esp_intr_enable
                0x0000000040081a48                esp_intr_disable
                0x0000000040081af8                esp_intr_noniram_disable
                0x0000000040081b44                esp_intr_noniram_enable
                0x0000000040081b80                ets_isr_unmask
                0x0000000040081b8c                ets_isr_mask
 *fill*         0x0000000040081b96        0x2 
 .iram1         0x0000000040081b98       0x1a /home/cpage/esp/adalight/build/freertos/libfreertos.a(port.o)
                0x0000000040081b98                xPortInterruptedFromISRContext
 *fill*         0x0000000040081bb2        0x2 
 .iram1         0x0000000040081bb4      0x4b4 /home/cpage/esp/adalight/build/freertos/libfreertos.a(xtensa_vectors.o)
                0x0000000040081bb4                _xt_panic
                0x0000000040081ccc                _xt_user_exit
                0x0000000040081fb8                _xt_medint2_exit
                0x0000000040082054                _xt_medint3_exit
 .iram1         0x0000000040082068      0x2fc /home/cpage/esp/adalight/build/heap/libheap.a(heap_caps.o)
                0x00000000400820a8                heap_caps_malloc
                0x0000000040082144                heap_caps_malloc_default
                0x0000000040082170                heap_caps_malloc_prefer
                0x00000000400821c4                heap_caps_free
                0x00000000400821ec                heap_caps_realloc
                0x0000000040082258                heap_caps_realloc_default
                0x000000004008228c                heap_caps_realloc_prefer
                0x00000000400822f0                heap_caps_calloc
                0x0000000040082310                heap_caps_calloc_prefer
 .iram1         0x0000000040082364      0x176 /home/cpage/esp/adalight/build/log/liblog.a(log.o)
                                        0x186 (size before relaxing)
                0x0000000040082364                esp_log_write
                0x0000000040082488                esp_log_early_timestamp
                0x00000000400824a4                esp_log_timestamp
 *fill*         0x00000000400824da        0x2 
 .iram1         0x00000000400824dc       0x7c /home/cpage/esp/adalight/build/newlib/libnewlib.a(time.o)
                                         0x88 (size before relaxing)
                0x00000000400824dc                _gettimeofday_r
                0x0000000040082530                _times_r
 .iram1         0x0000000040082558       0x3c /home/cpage/esp/adalight/build/newlib/libnewlib.a(reent_init.o)
                0x0000000040082558                esp_reent_init
 .iram1         0x0000000040082594       0x4a /home/cpage/esp/adalight/build/newlib/libnewlib.a(syscalls.o)
                                         0x52 (size before relaxing)
                0x0000000040082594                _malloc_r
                0x00000000400825a0                _free_r
                0x00000000400825ac                _realloc_r
                0x00000000400825c0                _calloc_r
 *fill*         0x00000000400825de        0x2 
 .iram1         0x00000000400825e0      0x1c8 /home/cpage/esp/adalight/build/newlib/libnewlib.a(locks.o)
                                        0x1f4 (size before relaxing)
                0x00000000400826f0                _lock_init
                0x0000000040082700                _lock_init_recursive
                0x0000000040082710                _lock_close
                0x0000000040082750                _lock_acquire
                0x0000000040082760                _lock_acquire_recursive
                0x0000000040082770                _lock_try_acquire
                0x0000000040082780                _lock_try_acquire_recursive
                0x0000000040082790                _lock_release
                0x000000004008279c                _lock_release_recursive
 .iram1         0x00000000400827a8       0xf6 /home/cpage/esp/adalight/build/soc/libsoc.a(cpu_util.o)
                0x00000000400827a8                esp_cpu_stall
                0x000000004008282c                esp_cpu_unstall
                0x0000000040082870                esp_cpu_reset
                0x0000000040082890                esp_cpu_in_ocd_debug_mode
 *fill*         0x000000004008289e        0x2 
 .iram1         0x00000000400828a0      0x1f4 /home/cpage/esp/adalight/build/spi_flash/libspi_flash.a(cache_utils.o)
                                        0x22f (size before relaxing)
                0x0000000040082944                spi_flash_op_block_func
                0x0000000040082988                spi_flash_disable_interrupts_caches_and_other_cpu
                0x00000000400829ec                spi_flash_enable_interrupts_caches_and_other_cpu
                0x0000000040082a34                spi_flash_disable_interrupts_caches_and_other_cpu_no_os
                0x0000000040082a5c                spi_flash_enable_interrupts_caches_no_os
                0x0000000040082a78                spi_flash_cache_enabled
 *fill*         0x0000000040082a94        0x0 
 .iram1         0x0000000040082a94      0x5b2 /home/cpage/esp/adalight/build/spi_flash/libspi_flash.a(flash_ops.o)
                                        0x5ee (size before relaxing)
                0x0000000040082b20                spi_flash_guard_set
                0x0000000040082b2c                spi_flash_guard_get
                0x0000000040082b38                spi_flash_get_chip_size
                0x0000000040082b44                spi_flash_erase_range
                0x0000000040082bbc                spi_flash_erase_sector
                0x0000000040082bdc                spi_flash_write
                0x0000000040082d54                spi_flash_read
                0x0000000040082f30                spi_flash_read_encrypted
                0x0000000040082f78                spi_flash_write_encrypted
 *fill*         0x0000000040083046        0x2 
 .iram1         0x0000000040083048      0x41a /home/cpage/esp/adalight/build/spi_flash/libspi_flash.a(flash_mmap.o)
                                        0x432 (size before relaxing)
                0x0000000040083150                spi_flash_mmap_pages
                0x0000000040083370                spi_flash_mmap
                0x00000000400833d8                spi_flash_munmap
                0x0000000040083454                spi_flash_mark_modified_region
 *fill*         0x0000000040083462        0x2 
 .iram1         0x0000000040083464      0x2f4 /home/cpage/esp/adalight/build/driver/libdriver.a(rmt.o)
                                        0x308 (size before relaxing)
 *fill*         0x0000000040083758        0x0 
 *fill*         0x0000000040083758        0x0 
 *fill*         0x0000000040083758        0x0 
 *fill*         0x0000000040083758        0x0 
 *fill*         0x0000000040083758        0x0 
 *fill*         0x0000000040083758        0x0 
 *fill*         0x0000000040083758        0x0 
 .iram1         0x0000000040083758       0x20 /home/cpage/esp/adalight/build/esp32/libesp32.a(dbg_stubs.o)
 *fill*         0x0000000040083778        0x0 
 *fill*         0x0000000040083778        0x0 
 *fill*         0x0000000040083778        0x0 
 *fill*         0x0000000040083778        0x0 
 *fill*         0x0000000040083778        0x0 
 *fill*         0x0000000040083778        0x0 
 .iram1         0x0000000040083778       0x2e /home/cpage/esp/adalight/build/freertos/libfreertos.a(xtensa_vector_defaults.o)
                0x0000000040083778                xt_debugexception
                0x0000000040083798                xt_highint5
                0x00000000400837a0                _xt_nmi
                0x00000000400837a0                xt_nmi
 *fill*         0x00000000400837a6        0x0 
 *fill*         0x00000000400837a6        0x0 
 *fill*         0x00000000400837a6        0x0 
 *fill*         0x00000000400837a6        0x0 
 *fill*         0x00000000400837a6        0x0 
 *fill*         0x00000000400837a6        0x0 
 *fill*         0x00000000400837a6        0x0 
 *libfreertos.a:(.literal .text .literal.* .text.*)
 *fill*         0x00000000400837a6        0x2 
 .text.xt_unhandled_interrupt
                0x00000000400837a8       0x16 /home/cpage/esp/adalight/build/freertos/libfreertos.a(xtensa_intr.o)
                0x00000000400837a8                xt_unhandled_interrupt
 *fill*         0x00000000400837be        0x2 
 .text.xt_set_interrupt_handler
                0x00000000400837c0       0x3c /home/cpage/esp/adalight/build/freertos/libfreertos.a(xtensa_intr.o)
                0x00000000400837c0                xt_set_interrupt_handler
 .text.prvCopyDataToQueue
                0x00000000400837fc       0x88 /home/cpage/esp/adalight/build/freertos/libfreertos.a(queue.o)
 .text.prvCopyDataFromQueue
                0x0000000040083884       0x23 /home/cpage/esp/adalight/build/freertos/libfreertos.a(queue.o)
 *fill*         0x00000000400838a7        0x1 
 .text.prvNotifyQueueSetContainer
                0x00000000400838a8       0x64 /home/cpage/esp/adalight/build/freertos/libfreertos.a(queue.o)
                                         0x73 (size before relaxing)
 *fill*         0x000000004008390c        0x0 
 .text.xQueueGenericReset
                0x000000004008390c       0x86 /home/cpage/esp/adalight/build/freertos/libfreertos.a(queue.o)
                                         0x96 (size before relaxing)
                0x000000004008390c                xQueueGenericReset
 *fill*         0x0000000040083992        0x2 
 .text.xQueueGenericCreate
                0x0000000040083994       0x56 /home/cpage/esp/adalight/build/freertos/libfreertos.a(queue.o)
                                         0x5a (size before relaxing)
                0x0000000040083994                xQueueGenericCreate
 *fill*         0x00000000400839ea        0x2 
 .text.xQueueGetMutexHolder
                0x00000000400839ec       0x20 /home/cpage/esp/adalight/build/freertos/libfreertos.a(queue.o)
                                         0x24 (size before relaxing)
                0x00000000400839ec                xQueueGetMutexHolder
 .text.xQueueCreateCountingSemaphore
                0x0000000040083a0c       0x46 /home/cpage/esp/adalight/build/freertos/libfreertos.a(queue.o)
                0x0000000040083a0c                xQueueCreateCountingSemaphore
 *fill*         0x0000000040083a52        0x2 
 .text.xQueueGenericSend
                0x0000000040083a54      0x134 /home/cpage/esp/adalight/build/freertos/libfreertos.a(queue.o)
                                        0x168 (size before relaxing)
                0x0000000040083a54                xQueueGenericSend
 .text.prvInitialiseMutex
                0x0000000040083b88       0x22 /home/cpage/esp/adalight/build/freertos/libfreertos.a(queue.o)
                                         0x26 (size before relaxing)
 *fill*         0x0000000040083baa        0x2 
 .text.xQueueCreateMutex
                0x0000000040083bac       0x16 /home/cpage/esp/adalight/build/freertos/libfreertos.a(queue.o)
                                         0x1a (size before relaxing)
                0x0000000040083bac                xQueueCreateMutex
 *fill*         0x0000000040083bc2        0x2 
 .text.xQueueGiveMutexRecursive
                0x0000000040083bc4       0x41 /home/cpage/esp/adalight/build/freertos/libfreertos.a(queue.o)
                                         0x45 (size before relaxing)
                0x0000000040083bc4                xQueueGiveMutexRecursive
 *fill*         0x0000000040083c05        0x3 
 .text.xQueueGenericSendFromISR
                0x0000000040083c08       0xbe /home/cpage/esp/adalight/build/freertos/libfreertos.a(queue.o)
                                         0xc6 (size before relaxing)
                0x0000000040083c08                xQueueGenericSendFromISR
 *fill*         0x0000000040083cc6        0x2 
 .text.xQueueGiveFromISR
                0x0000000040083cc8       0xb6 /home/cpage/esp/adalight/build/freertos/libfreertos.a(queue.o)
                                         0xbe (size before relaxing)
                0x0000000040083cc8                xQueueGiveFromISR
 *fill*         0x0000000040083d7e        0x2 
 .text.xQueueGenericReceive
                0x0000000040083d80      0x124 /home/cpage/esp/adalight/build/freertos/libfreertos.a(queue.o)
                                        0x14f (size before relaxing)
                0x0000000040083d80                xQueueGenericReceive
 *fill*         0x0000000040083ea4        0x0 
 .text.xQueueTakeMutexRecursive
                0x0000000040083ea4       0x51 /home/cpage/esp/adalight/build/freertos/libfreertos.a(queue.o)
                0x0000000040083ea4                xQueueTakeMutexRecursive
 *fill*         0x0000000040083ef5        0x3 
 .text.xQueueReceiveFromISR
                0x0000000040083ef8       0x89 /home/cpage/esp/adalight/build/freertos/libfreertos.a(queue.o)
                                         0x95 (size before relaxing)
                0x0000000040083ef8                xQueueReceiveFromISR
 *fill*         0x0000000040083f81        0x3 
 .text.uxQueueSpacesAvailable
                0x0000000040083f84       0x36 /home/cpage/esp/adalight/build/freertos/libfreertos.a(queue.o)
                                         0x3e (size before relaxing)
                0x0000000040083f84                uxQueueSpacesAvailable
 *fill*         0x0000000040083fba        0x2 
 .text.vQueueDelete
                0x0000000040083fbc       0x2c /home/cpage/esp/adalight/build/freertos/libfreertos.a(queue.o)
                0x0000000040083fbc                vQueueDelete
 .text.vQueueWaitForMessageRestricted
                0x0000000040083fe8       0x23 /home/cpage/esp/adalight/build/freertos/libfreertos.a(queue.o)
                                         0x2a (size before relaxing)
                0x0000000040083fe8                vQueueWaitForMessageRestricted
 *fill*         0x000000004008400b        0x1 
 .text.pxPortInitialiseStack
                0x000000004008400c       0x7f /home/cpage/esp/adalight/build/freertos/libfreertos.a(port.o)
                0x000000004008400c                pxPortInitialiseStack
 *fill*         0x000000004008408b        0x1 
 .text.xPortStartScheduler
                0x000000004008408c       0x22 /home/cpage/esp/adalight/build/freertos/libfreertos.a(port.o)
                                         0x2e (size before relaxing)
                0x000000004008408c                xPortStartScheduler
 *fill*         0x00000000400840ae        0x2 
 .text.xPortSysTickHandler
                0x00000000400840b0       0x10 /home/cpage/esp/adalight/build/freertos/libfreertos.a(port.o)
                                         0x16 (size before relaxing)
                0x00000000400840b0                xPortSysTickHandler
 *fill*         0x00000000400840c0        0x0 
 .text.vPortYieldOtherCore
                0x00000000400840c0        0xa /home/cpage/esp/adalight/build/freertos/libfreertos.a(port.o)
                                          0xe (size before relaxing)
                0x00000000400840c0                vPortYieldOtherCore
 *fill*         0x00000000400840ca        0x2 
 .text.vPortReleaseTaskMPUSettings
                0x00000000400840cc        0xa /home/cpage/esp/adalight/build/freertos/libfreertos.a(port.o)
                                          0xe (size before relaxing)
                0x00000000400840cc                vPortReleaseTaskMPUSettings
 *fill*         0x00000000400840d6        0x2 
 .text.xPortInIsrContext
                0x00000000400840d8       0x23 /home/cpage/esp/adalight/build/freertos/libfreertos.a(port.o)
                0x00000000400840d8                xPortInIsrContext
 *fill*         0x00000000400840fb        0x1 
 .text.vPortCPUInitializeMutex
                0x00000000400840fc        0xe /home/cpage/esp/adalight/build/freertos/libfreertos.a(port.o)
                0x00000000400840fc                vPortCPUInitializeMutex
 *fill*         0x000000004008410a        0x2 
 .text.vPortCPUAcquireMutex
                0x000000004008410c       0x2b /home/cpage/esp/adalight/build/freertos/libfreertos.a(port.o)
                0x000000004008410c                vPortCPUAcquireMutex
 *fill*         0x0000000040084137        0x1 
 .text.vPortCPUReleaseMutex
                0x0000000040084138       0x1c /home/cpage/esp/adalight/build/freertos/libfreertos.a(port.o)
                0x0000000040084138                vPortCPUReleaseMutex
 .text.prvInitialiseNewTask
                0x0000000040084154       0xae /home/cpage/esp/adalight/build/freertos/libfreertos.a(tasks.o)
                                         0xbe (size before relaxing)
 *fill*         0x0000000040084202        0x2 
 .text.prvResetNextTaskUnblockTime
                0x0000000040084204       0x2a /home/cpage/esp/adalight/build/freertos/libfreertos.a(tasks.o)
 *fill*         0x000000004008422e        0x2 
 .text.prvDeleteTLS
                0x0000000040084230       0x2b /home/cpage/esp/adalight/build/freertos/libfreertos.a(tasks.o)
                                         0x2e (size before relaxing)
 *fill*         0x000000004008425b        0x1 
 .text.prvDeleteTCB
                0x000000004008425c       0x4e /home/cpage/esp/adalight/build/freertos/libfreertos.a(tasks.o)
                                         0x55 (size before relaxing)
 *fill*         0x00000000400842aa        0x2 
 .text.prvAddCurrentTaskToDelayedList
                0x00000000400842ac       0x56 /home/cpage/esp/adalight/build/freertos/libfreertos.a(tasks.o)
                                         0x5a (size before relaxing)
 *fill*         0x0000000040084302        0x2 
 .text.taskYIELD_OTHER_CORE
                0x0000000040084304       0x53 /home/cpage/esp/adalight/build/freertos/libfreertos.a(tasks.o)
                                         0x56 (size before relaxing)
                0x0000000040084304                taskYIELD_OTHER_CORE
 *fill*         0x0000000040084357        0x1 
 .text.vTaskSuspendAll
                0x0000000040084358       0x26 /home/cpage/esp/adalight/build/freertos/libfreertos.a(tasks.o)
                0x0000000040084358                vTaskSuspendAll
 *fill*         0x000000004008437e        0x2 
 .text.xTaskGetIdleTaskHandleForCPU
                0x0000000040084380       0x2a /home/cpage/esp/adalight/build/freertos/libfreertos.a(tasks.o)
                                         0x2e (size before relaxing)
                0x0000000040084380                xTaskGetIdleTaskHandleForCPU
 *fill*         0x00000000400843aa        0x2 
 .text.vTaskSwitchContext
                0x00000000400843ac      0x1a3 /home/cpage/esp/adalight/build/freertos/libfreertos.a(tasks.o)
                                        0x1af (size before relaxing)
                0x00000000400843ac                vTaskSwitchContext
 *fill*         0x000000004008454f        0x1 
 .text.vTaskSetTimeOutState
                0x0000000040084550       0x34 /home/cpage/esp/adalight/build/freertos/libfreertos.a(tasks.o)
                0x0000000040084550                vTaskSetTimeOutState
 .text.xTaskGetCurrentTaskHandle
                0x0000000040084584       0x1f /home/cpage/esp/adalight/build/freertos/libfreertos.a(tasks.o)
                0x0000000040084584                xTaskGetCurrentTaskHandle
 *fill*         0x00000000400845a3        0x1 
 .text.__getreent
                0x00000000400845a4       0x12 /home/cpage/esp/adalight/build/freertos/libfreertos.a(tasks.o)
                                         0x16 (size before relaxing)
                0x00000000400845a4                __getreent
 *fill*         0x00000000400845b6        0x2 
 .text.pcTaskGetTaskName
                0x00000000400845b8       0x28 /home/cpage/esp/adalight/build/freertos/libfreertos.a(tasks.o)
                                         0x2f (size before relaxing)
                0x00000000400845b8                pcTaskGetTaskName
 *fill*         0x00000000400845e0        0x0 
 .text.xTaskGetAffinity
                0x00000000400845e0       0x12 /home/cpage/esp/adalight/build/freertos/libfreertos.a(tasks.o)
                0x00000000400845e0                xTaskGetAffinity
 *fill*         0x00000000400845f2        0x2 
 .text.xTaskGetCurrentTaskHandleForCPU
                0x00000000400845f4       0x17 /home/cpage/esp/adalight/build/freertos/libfreertos.a(tasks.o)
                0x00000000400845f4                xTaskGetCurrentTaskHandleForCPU
 *fill*         0x000000004008460b        0x1 
 .text.xTaskGetSchedulerState
                0x000000004008460c       0x34 /home/cpage/esp/adalight/build/freertos/libfreertos.a(tasks.o)
                0x000000004008460c                xTaskGetSchedulerState
 .text.vTaskEnterCritical
                0x0000000040084640       0x54 /home/cpage/esp/adalight/build/freertos/libfreertos.a(tasks.o)
                0x0000000040084640                vTaskEnterCritical
 .text.vTaskExitCritical
                0x0000000040084694       0x42 /home/cpage/esp/adalight/build/freertos/libfreertos.a(tasks.o)
                0x0000000040084694                vTaskExitCritical
 *fill*         0x00000000400846d6        0x2 
 .text.prvAddNewTaskToReadyList$isra$9
                0x00000000400846d8      0x180 /home/cpage/esp/adalight/build/freertos/libfreertos.a(tasks.o)
                                        0x1a4 (size before relaxing)
 .text.xTaskCreatePinnedToCore
                0x0000000040084858       0x64 /home/cpage/esp/adalight/build/freertos/libfreertos.a(tasks.o)
                                         0x70 (size before relaxing)
                0x0000000040084858                xTaskCreatePinnedToCore
 .text.vTaskStartScheduler
                0x00000000400848bc       0x70 /home/cpage/esp/adalight/build/freertos/libfreertos.a(tasks.o)
                                         0x7c (size before relaxing)
                0x00000000400848bc                vTaskStartScheduler
 .text.vTaskDelete
                0x000000004008492c      0x102 /home/cpage/esp/adalight/build/freertos/libfreertos.a(tasks.o)
                                        0x11a (size before relaxing)
                0x000000004008492c                vTaskDelete
 *fill*         0x0000000040084a2e        0x2 
 .text.prvIdleTask
                0x0000000040084a30       0xd5 /home/cpage/esp/adalight/build/freertos/libfreertos.a(tasks.o)
                                         0xe1 (size before relaxing)
 *fill*         0x0000000040084b05        0x3 
 .text.xTaskGetTickCountFromISR
                0x0000000040084b08       0x1c /home/cpage/esp/adalight/build/freertos/libfreertos.a(tasks.o)
                                         0x20 (size before relaxing)
                0x0000000040084b08                xTaskGetTickCountFromISR
 .text.xTaskGetTickCount
                0x0000000040084b24        0xa /home/cpage/esp/adalight/build/freertos/libfreertos.a(tasks.o)
                                          0xd (size before relaxing)
                0x0000000040084b24                xTaskGetTickCount
 *fill*         0x0000000040084b2e        0x2 
 .text.xTaskIncrementTick
                0x0000000040084b30      0x19b /home/cpage/esp/adalight/build/freertos/libfreertos.a(tasks.o)
                                        0x1b7 (size before relaxing)
                0x0000000040084b30                xTaskIncrementTick
 *fill*         0x0000000040084ccb        0x1 
 .text.xTaskResumeAll
                0x0000000040084ccc      0x153 /home/cpage/esp/adalight/build/freertos/libfreertos.a(tasks.o)
                                        0x16b (size before relaxing)
                0x0000000040084ccc                xTaskResumeAll
 *fill*         0x0000000040084e1f        0x1 
 .text.vTaskPlaceOnEventList
                0x0000000040084e20       0x74 /home/cpage/esp/adalight/build/freertos/libfreertos.a(tasks.o)
                                         0x88 (size before relaxing)
                0x0000000040084e20                vTaskPlaceOnEventList
 .text.vTaskPlaceOnEventListRestricted
                0x0000000040084e94       0x5e /home/cpage/esp/adalight/build/freertos/libfreertos.a(tasks.o)
                                         0x6e (size before relaxing)
                0x0000000040084e94                vTaskPlaceOnEventListRestricted
 *fill*         0x0000000040084ef2        0x2 
 .text.xTaskRemoveFromEventList
                0x0000000040084ef4      0x108 /home/cpage/esp/adalight/build/freertos/libfreertos.a(tasks.o)
                                        0x11a (size before relaxing)
                0x0000000040084ef4                xTaskRemoveFromEventList
 *fill*         0x0000000040084ffc        0x0 
 .text.xTaskCheckForTimeOut
                0x0000000040084ffc       0x70 /home/cpage/esp/adalight/build/freertos/libfreertos.a(tasks.o)
                                         0x78 (size before relaxing)
                0x0000000040084ffc                xTaskCheckForTimeOut
 .text.vTaskPriorityInherit
                0x000000004008506c       0xb3 /home/cpage/esp/adalight/build/freertos/libfreertos.a(tasks.o)
                                         0xc6 (size before relaxing)
                0x000000004008506c                vTaskPriorityInherit
 *fill*         0x000000004008511f        0x1 
 .text.xTaskPriorityDisinherit
                0x0000000040085120       0x8a /home/cpage/esp/adalight/build/freertos/libfreertos.a(tasks.o)
                                         0x9a (size before relaxing)
                0x0000000040085120                xTaskPriorityDisinherit
 *fill*         0x00000000400851aa        0x2 
 .text.pvTaskIncrementMutexHeldCount
                0x00000000400851ac       0x42 /home/cpage/esp/adalight/build/freertos/libfreertos.a(tasks.o)
                                         0x46 (size before relaxing)
                0x00000000400851ac                pvTaskIncrementMutexHeldCount
 *fill*         0x00000000400851ee        0x2 
 .text.prvInsertTimerInActiveList
                0x00000000400851f0       0x3a /home/cpage/esp/adalight/build/freertos/libfreertos.a(timers.o)
 *fill*         0x000000004008522a        0x2 
 .text.prvCheckForValidListAndQueue
                0x000000004008522c       0x60 /home/cpage/esp/adalight/build/freertos/libfreertos.a(timers.o)
                                         0x78 (size before relaxing)
 .text.xTimerCreateTimerTask
                0x000000004008528c       0x43 /home/cpage/esp/adalight/build/freertos/libfreertos.a(timers.o)
                                         0x47 (size before relaxing)
                0x000000004008528c                xTimerCreateTimerTask
 *fill*         0x00000000400852cf        0x1 
 .text.xTimerGenericCommand
                0x00000000400852d0       0x3e /home/cpage/esp/adalight/build/freertos/libfreertos.a(timers.o)
                                         0x46 (size before relaxing)
                0x00000000400852d0                xTimerGenericCommand
 *fill*         0x000000004008530e        0x2 
 .text.prvSwitchTimerLists
                0x0000000040085310       0x70 /home/cpage/esp/adalight/build/freertos/libfreertos.a(timers.o)
                                         0x7c (size before relaxing)
 .text.prvTimerTask
                0x0000000040085380      0x192 /home/cpage/esp/adalight/build/freertos/libfreertos.a(timers.o)
                                        0x1c6 (size before relaxing)
 *fill*         0x0000000040085512        0x2 
 .text          0x0000000040085514      0x12b /home/cpage/esp/adalight/build/freertos/libfreertos.a(xtensa_context.o)
                0x0000000040085514                _xt_context_save
                0x000000004008557c                _xt_context_restore
                0x00000000400855c0                _xt_coproc_init
                0x00000000400855d4                _xt_coproc_release
                0x0000000040085600                _xt_coproc_savecs
                0x0000000040085620                _xt_coproc_restorecs
 *fill*         0x000000004008563f        0x1 
 .text          0x0000000040085640      0x1d0 /home/cpage/esp/adalight/build/freertos/libfreertos.a(portasm.o)
                0x0000000040085640                _frxt_setup_switch
                0x0000000040085658                _frxt_int_enter
                0x00000000400856a0                _frxt_int_exit
                0x00000000400856f0                _frxt_timer_int
                0x0000000040085718                _frxt_tick_timer_init
                0x0000000040085730                _frxt_dispatch
                0x0000000040085778                vPortYield
                0x00000000400857c4                vPortYieldFromInt
                0x00000000400857e4                _frxt_task_coproc_state
 .text._xt_tick_divisor_init
                0x0000000040085810       0x1c /home/cpage/esp/adalight/build/freertos/libfreertos.a(xtensa_init.o)
                                         0x1f (size before relaxing)
                0x0000000040085810                _xt_tick_divisor_init
 *fill*         0x000000004008582c        0x0 
 .text.prvGetItemByteBuf
                0x000000004008582c       0x97 /home/cpage/esp/adalight/build/freertos/libfreertos.a(ringbuf.o)
 *fill*         0x00000000400858c3        0x1 
 .text.prvReturnItemDefault
                0x00000000400858c4       0xd6 /home/cpage/esp/adalight/build/freertos/libfreertos.a(ringbuf.o)
 *fill*         0x000000004008599a        0x2 
 .text.prvGetItemDefault
                0x000000004008599c       0xd2 /home/cpage/esp/adalight/build/freertos/libfreertos.a(ringbuf.o)
                                         0xd6 (size before relaxing)
 *fill*         0x0000000040085a6e        0x2 
 .text.prvCheckItemFitsDefault
                0x0000000040085a70       0x8e /home/cpage/esp/adalight/build/freertos/libfreertos.a(ringbuf.o)
                                         0x92 (size before relaxing)
 *fill*         0x0000000040085afe        0x2 
 .text.prvCopyItemByteBuf
                0x0000000040085b00       0x7b /home/cpage/esp/adalight/build/freertos/libfreertos.a(ringbuf.o)
 *fill*         0x0000000040085b7b        0x1 
 .text.prvCopyItemAllowSplit
                0x0000000040085b7c       0xc4 /home/cpage/esp/adalight/build/freertos/libfreertos.a(ringbuf.o)
 .text.prvCopyItemNoSplit
                0x0000000040085c40       0x9e /home/cpage/esp/adalight/build/freertos/libfreertos.a(ringbuf.o)
 *fill*         0x0000000040085cde        0x2 
 .text.prvReceiveGeneric
                0x0000000040085ce0       0xe4 /home/cpage/esp/adalight/build/freertos/libfreertos.a(ringbuf.o)
                                         0xf4 (size before relaxing)
 .text.prvReceiveGenericFromISR
                0x0000000040085dc4       0xb0 /home/cpage/esp/adalight/build/freertos/libfreertos.a(ringbuf.o)
                                         0xb8 (size before relaxing)
 .text.prvReturnItemByteBuf
                0x0000000040085e74       0x3a /home/cpage/esp/adalight/build/freertos/libfreertos.a(ringbuf.o)
                                         0x3e (size before relaxing)
 *fill*         0x0000000040085eae        0x2 
 .text.prvCheckItemFitsByteBuffer
                0x0000000040085eb0       0x52 /home/cpage/esp/adalight/build/freertos/libfreertos.a(ringbuf.o)
                                         0x56 (size before relaxing)
 *fill*         0x0000000040085f02        0x2 
 .text.prvGetFreeSize
                0x0000000040085f04       0x39 /home/cpage/esp/adalight/build/freertos/libfreertos.a(ringbuf.o)
                                         0x3c (size before relaxing)
 *fill*         0x0000000040085f3d        0x3 
 .text.xRingbufferCreate
                0x0000000040085f40      0x129 /home/cpage/esp/adalight/build/freertos/libfreertos.a(ringbuf.o)
                                        0x139 (size before relaxing)
                0x0000000040085f40                xRingbufferCreate
 *fill*         0x0000000040086069        0x3 
 .text.xRingbufferSend
                0x000000004008606c       0xd3 /home/cpage/esp/adalight/build/freertos/libfreertos.a(ringbuf.o)
                                         0xe3 (size before relaxing)
                0x000000004008606c                xRingbufferSend
 *fill*         0x000000004008613f        0x1 
 .text.xRingbufferSendFromISR
                0x0000000040086140       0x8c /home/cpage/esp/adalight/build/freertos/libfreertos.a(ringbuf.o)
                                         0x9f (size before relaxing)
                0x0000000040086140                xRingbufferSendFromISR
 *fill*         0x00000000400861cc        0x0 
 .text.xRingbufferReceive
                0x00000000400861cc       0x44 /home/cpage/esp/adalight/build/freertos/libfreertos.a(ringbuf.o)
                0x00000000400861cc                xRingbufferReceive
 .text.xRingbufferReceiveFromISR
                0x0000000040086210       0x40 /home/cpage/esp/adalight/build/freertos/libfreertos.a(ringbuf.o)
                0x0000000040086210                xRingbufferReceiveFromISR
 .text.vRingbufferReturnItem
                0x0000000040086250       0x46 /home/cpage/esp/adalight/build/freertos/libfreertos.a(ringbuf.o)
                                         0x52 (size before relaxing)
                0x0000000040086250                vRingbufferReturnItem
 *fill*         0x0000000040086296        0x2 
 .text.vRingbufferReturnItemFromISR
                0x0000000040086298       0x42 /home/cpage/esp/adalight/build/freertos/libfreertos.a(ringbuf.o)
                                         0x4e (size before relaxing)
                0x0000000040086298                vRingbufferReturnItemFromISR
 *fill*         0x00000000400862da        0x2 
 .text.vRingbufferDelete
                0x00000000400862dc       0x44 /home/cpage/esp/adalight/build/freertos/libfreertos.a(ringbuf.o)
                0x00000000400862dc                vRingbufferDelete
 *fill*         0x0000000040086320        0x0 
 *fill*         0x0000000040086320        0x0 
 *fill*         0x0000000040086320        0x0 
 *fill*         0x0000000040086320        0x0 
 *fill*         0x0000000040086320        0x0 
 *fill*         0x0000000040086320        0x0 
 *fill*         0x0000000040086320        0x0 
 *fill*         0x0000000040086320        0x0 
 *fill*         0x0000000040086320        0x0 
 *fill*         0x0000000040086320        0x0 
 *fill*         0x0000000040086320        0x0 
 *fill*         0x0000000040086320        0x0 
 *fill*         0x0000000040086320        0x0 
 *fill*         0x0000000040086320        0x0 
 *fill*         0x0000000040086320        0x0 
 *fill*         0x0000000040086320        0x0 
 .text.vListInitialise
                0x0000000040086320       0x15 /home/cpage/esp/adalight/build/freertos/libfreertos.a(list.o)
                0x0000000040086320                vListInitialise
 *fill*         0x0000000040086335        0x3 
 .text.vListInitialiseItem
                0x0000000040086338        0x9 /home/cpage/esp/adalight/build/freertos/libfreertos.a(list.o)
                0x0000000040086338                vListInitialiseItem
 *fill*         0x0000000040086341        0x3 
 .text.vListInsertEnd
                0x0000000040086344       0x1b /home/cpage/esp/adalight/build/freertos/libfreertos.a(list.o)
                0x0000000040086344                vListInsertEnd
 *fill*         0x000000004008635f        0x1 
 .text.vListInsert
                0x0000000040086360       0x2d /home/cpage/esp/adalight/build/freertos/libfreertos.a(list.o)
                0x0000000040086360                vListInsert
 *fill*         0x000000004008638d        0x3 
 .text.uxListRemove
                0x0000000040086390       0x22 /home/cpage/esp/adalight/build/freertos/libfreertos.a(list.o)
                0x0000000040086390                uxListRemove
 *fill*         0x00000000400863b2        0x0 
 *fill*         0x00000000400863b2        0x0 
 *fill*         0x00000000400863b2        0x0 
 *fill*         0x00000000400863b2        0x0 
 *fill*         0x00000000400863b2        0x2 
 .text.vPortStoreTaskMPUSettings
                0x00000000400863b4       0x11 /home/cpage/esp/adalight/build/freertos/libfreertos.a(port.o)
                0x00000000400863b4                vPortStoreTaskMPUSettings
 *fill*         0x00000000400863c5        0x0 
 *fill*         0x00000000400863c5        0x0 
 *fill*         0x00000000400863c5        0x0 
 *fill*         0x00000000400863c5        0x0 
 *fill*         0x00000000400863c5        0x0 
 *fill*         0x00000000400863c5        0x0 
 *fill*         0x00000000400863c5        0x0 
 *fill*         0x00000000400863c5        0x0 
 *fill*         0x00000000400863c5        0x0 
 *fill*         0x00000000400863c5        0x0 
 *fill*         0x00000000400863c5        0x0 
 *fill*         0x00000000400863c5        0x0 
 *fill*         0x00000000400863c5        0x0 
 *fill*         0x00000000400863c5        0x0 
 *fill*         0x00000000400863c5        0x0 
 *fill*         0x00000000400863c5        0x0 
 *fill*         0x00000000400863c5        0x0 
 *fill*         0x00000000400863c5        0x0 
 *fill*         0x00000000400863c5        0x0 
 *fill*         0x00000000400863c5        0x0 
 *fill*         0x00000000400863c5        0x0 
 *fill*         0x00000000400863c5        0x0 
 *fill*         0x00000000400863c5        0x0 
 *fill*         0x00000000400863c5        0x0 
 *fill*         0x00000000400863c5        0x0 
 *fill*         0x00000000400863c5        0x0 
 *fill*         0x00000000400863c5        0x0 
 *fill*         0x00000000400863c5        0x0 
 *fill*         0x00000000400863c5        0x0 
 *fill*         0x00000000400863c5        0x0 
 *fill*         0x00000000400863c5        0x0 
 *fill*         0x00000000400863c5        0x0 
 *fill*         0x00000000400863c5        0x0 
 *fill*         0x00000000400863c5        0x3 
 .text          0x00000000400863c8       0x33 /home/cpage/esp/adalight/build/freertos/libfreertos.a(xtensa_intr_asm.o)
                0x00000000400863c8                xt_ints_on
                0x00000000400863e0                xt_ints_off
 *fill*         0x00000000400863fb        0x0 
 *fill*         0x00000000400863fb        0x0 
 *fill*         0x00000000400863fb        0x1 
 .text.prvCheckItemAvail
                0x00000000400863fc       0x2d /home/cpage/esp/adalight/build/freertos/libfreertos.a(ringbuf.o)
 *fill*         0x0000000040086429        0x0 
 *fill*         0x0000000040086429        0x0 
 *fill*         0x0000000040086429        0x0 
 *fill*         0x0000000040086429        0x0 
 *fill*         0x0000000040086429        0x0 
 *fill*         0x0000000040086429        0x0 
 *fill*         0x0000000040086429        0x3 
 .text.prvGetCurMaxSizeNoSplit
                0x000000004008642c       0x37 /home/cpage/esp/adalight/build/freertos/libfreertos.a(ringbuf.o)
 *fill*         0x0000000040086463        0x1 
 .text.prvGetCurMaxSizeAllowSplit
                0x0000000040086464       0x44 /home/cpage/esp/adalight/build/freertos/libfreertos.a(ringbuf.o)
 .text.prvGetCurMaxSizeByteBuf
                0x00000000400864a8       0x1c /home/cpage/esp/adalight/build/freertos/libfreertos.a(ringbuf.o)
 *fill*         0x00000000400864c4        0x0 
 *fill*         0x00000000400864c4        0x0 
 *fill*         0x00000000400864c4        0x0 
 *fill*         0x00000000400864c4        0x0 
 *fill*         0x00000000400864c4        0x0 
 *fill*         0x00000000400864c4        0x0 
 *fill*         0x00000000400864c4        0x0 
 *libheap.a:multi_heap.*(.literal .text .literal.* .text.*)
 .text.get_prev_free_block
                0x00000000400864c4       0x20 /home/cpage/esp/adalight/build/heap/libheap.a(multi_heap.o)
 .text.split_if_necessary
                0x00000000400864e4       0x82 /home/cpage/esp/adalight/build/heap/libheap.a(multi_heap.o)
                                         0x8a (size before relaxing)
 *fill*         0x0000000040086566        0x2 
 .text.merge_adjacent
                0x0000000040086568       0x62 /home/cpage/esp/adalight/build/heap/libheap.a(multi_heap.o)
                                         0x66 (size before relaxing)
 *fill*         0x00000000400865ca        0x2 
 .text.multi_heap_get_allocated_size_impl
                0x00000000400865cc        0xd /home/cpage/esp/adalight/build/heap/libheap.a(multi_heap.o)
                                         0x10 (size before relaxing)
                0x00000000400865cc                multi_heap_get_allocated_size
                0x00000000400865cc                multi_heap_get_allocated_size_impl
 *fill*         0x00000000400865d9        0x3 
 .text.multi_heap_internal_lock
                0x00000000400865dc        0xc /home/cpage/esp/adalight/build/heap/libheap.a(multi_heap.o)
                                          0xf (size before relaxing)
                0x00000000400865dc                multi_heap_internal_lock
 *fill*         0x00000000400865e8        0x0 
 .text.multi_heap_internal_unlock
                0x00000000400865e8        0xc /home/cpage/esp/adalight/build/heap/libheap.a(multi_heap.o)
                                          0xf (size before relaxing)
                0x00000000400865e8                multi_heap_internal_unlock
 *fill*         0x00000000400865f4        0x0 
 .text.multi_heap_malloc_impl
                0x00000000400865f4       0xb0 /home/cpage/esp/adalight/build/heap/libheap.a(multi_heap.o)
                                         0xc0 (size before relaxing)
                0x00000000400865f4                multi_heap_malloc
                0x00000000400865f4                multi_heap_malloc_impl
 .text.multi_heap_free_impl
                0x00000000400866a4       0x73 /home/cpage/esp/adalight/build/heap/libheap.a(multi_heap.o)
                                         0x86 (size before relaxing)
                0x00000000400866a4                multi_heap_free
                0x00000000400866a4                multi_heap_free_impl
 *fill*         0x0000000040086717        0x1 
 .text.multi_heap_realloc_impl
                0x0000000040086718      0x150 /home/cpage/esp/adalight/build/heap/libheap.a(multi_heap.o)
                                        0x174 (size before relaxing)
                0x0000000040086718                multi_heap_realloc
                0x0000000040086718                multi_heap_realloc_impl
 .text.block_data_size
                0x0000000040086868       0x19 /home/cpage/esp/adalight/build/heap/libheap.a(multi_heap.o)
 *fill*         0x0000000040086881        0x0 
 *fill*         0x0000000040086881        0x0 
 *fill*         0x0000000040086881        0x3 
 .text.multi_heap_register_impl
                0x0000000040086884       0x4b /home/cpage/esp/adalight/build/heap/libheap.a(multi_heap.o)
                0x0000000040086884                multi_heap_register_impl
                0x0000000040086884                multi_heap_register
 *fill*         0x00000000400868cf        0x1 
 .text.multi_heap_set_lock
                0x00000000400868d0        0x7 /home/cpage/esp/adalight/build/heap/libheap.a(multi_heap.o)
                0x00000000400868d0                multi_heap_set_lock
 *fill*         0x00000000400868d7        0x0 
 *fill*         0x00000000400868d7        0x0 
 *fill*         0x00000000400868d7        0x0 
 *fill*         0x00000000400868d7        0x0 
 *libheap.a:multi_heap_poisoning.*(.literal .text .literal.* .text.*)
 *libesp32.a:panic.*(.literal .text .literal.* .text.*)
 *fill*         0x00000000400868d7        0x1 
 .text.panicPutChar
                0x00000000400868d8       0x1e /home/cpage/esp/adalight/build/esp32/libesp32.a(panic.o)
 *fill*         0x00000000400868f6        0x2 
 .text.panicPutStr
                0x00000000400868f8       0x1a /home/cpage/esp/adalight/build/esp32/libesp32.a(panic.o)
 *fill*         0x0000000040086912        0x2 
 .text.panicPutHex
                0x0000000040086914       0x25 /home/cpage/esp/adalight/build/esp32/libesp32.a(panic.o)